
   PASS  Tests\Unit\ExampleTest
  Γ£ô that true is true                0.02s  

   PASS  Tests\Feature\Auth\AuthenticationTest
  Γ£ô login screen can be rendered     1.11s  
  Γ£ô users can authenticate using thΓÇª 0.18s  
  Γ£ô users can not authenticate withΓÇª 0.28s  
  Γ£ô users can logout                 0.06s  

   PASS  Tests\Feature\Auth\EmailVerificationTest
  Γ£ô email verification screen can bΓÇª 0.07s  
  Γ£ô email can be verified            0.07s  
  Γ£ô email is not verified with invaΓÇª 0.08s  

   PASS  Tests\Feature\Auth\PasswordConfirmationTest
  Γ£ô confirm password screen can beΓÇª  0.08s  
  Γ£ô password can be confirmed        0.06s  
  Γ£ô password is not confirmed withΓÇª  0.27s  

   PASS  Tests\Feature\Auth\PasswordResetTest
  Γ£ô reset password link screen canΓÇª  0.09s  
  Γ£ô reset password link can be requΓÇª 0.27s  
  Γ£ô reset password screen can be reΓÇª 0.28s  
  Γ£ô password can be reset with valiΓÇª 0.29s  

   PASS  Tests\Feature\Auth\PasswordUpdateTest
  Γ£ô password can be updated          0.07s  
  Γ£ô correct password must be providΓÇª 0.06s  

   FAIL  Tests\Feature\Auth\RegistrationTest
  Γ£ô registration screen can be rendΓÇª 0.07s  
  Γ¿» new users can register           0.11s  

   PASS  Tests\Feature\ExampleTest
  Γ£ô the application returns a succeΓÇª 0.08s  

   PASS  Tests\Feature\ProfileTest
  Γ£ô profile page is displayed        0.11s  
  Γ£ô profile information can be updaΓÇª 0.06s  
  Γ£ô email verification status is unΓÇª 0.05s  
  Γ£ô user can delete their account    0.05s  
  Γ£ô correct password must be providΓÇª 0.06s  
  ΓöÇΓöÇΓöÇΓöÇΓöÇΓöÇΓöÇΓöÇΓöÇΓöÇΓöÇΓöÇΓöÇΓöÇΓöÇΓöÇΓöÇΓöÇΓöÇΓöÇΓöÇΓöÇΓöÇΓöÇΓöÇΓöÇΓöÇΓöÇΓöÇΓöÇΓöÇΓöÇΓöÇΓöÇΓöÇΓöÇΓöÇΓöÇΓöÇΓöÇ  
   FAILED  Tests\Feature\Auth\RegistratiΓÇª   
  The user is not authenticated
Failed asserting that false is true.

  at tests\Feature\Auth\RegistrationTest.php:28
     24Γûò             'password' => 'password',
     25Γûò             'password_confirmation' => 'password',
     26Γûò         ]);
     27Γûò 
  Γ₧£  28Γûò         $this->assertAuthenticated();
     29Γûò         $response->assertRedirect(route('patient.dashboard', absolute: false));
     30Γûò     }
     31Γûò }
     32Γûò


  Tests:    1 failed, 24 passed (59 assertions)
  Duration: 4.55s

